--------------------------------------------------------------------------------
Release 14.7 Trace  (nt64)
Copyright (c) 1995-2013 Xilinx, Inc.  All rights reserved.

C:\Xilinx\14.7\ISE_DS\ISE\bin\nt64\unwrapped\trce.exe -intstyle ise -v 3 -s 2
-n 3 -fastpaths -xml Mini_Mute_FPGA.twx Mini_Mute_FPGA.ncd -o
Mini_Mute_FPGA.twr Mini_Mute_FPGA.pcf -ucf UCF_Spartan6_V2.ucf

Design file:              Mini_Mute_FPGA.ncd
Physical constraint file: Mini_Mute_FPGA.pcf
Device,package,speed:     xc6slx9,csg324,C,-2 (PRODUCTION 1.23 2013-10-13)
Report level:             verbose report

Environment Variable      Effect 
--------------------      ------ 
NONE                      No environment variables were set
--------------------------------------------------------------------------------

INFO:Timing:3412 - To improve timing, see the Timing Closure User Guide (UG612).
INFO:Timing:2752 - To get complete path coverage, use the unconstrained paths 
   option. All paths that are not constrained will be reported in the 
   unconstrained paths section(s) of the report.
INFO:Timing:3339 - The clock-to-out numbers in this timing report are based on 
   a 50 Ohm transmission line loading model.  For the details of this model, 
   and for more information on accounting for different loading conditions, 
   please see the device datasheet.

================================================================================
Timing constraint: NET "clk_BUFGP/IBUFG" PERIOD = 10 ns HIGH 50%;
For more information, see Period Analysis in the Timing Closure User Guide (UG612).

 13959 paths analyzed, 1546 endpoints analyzed, 0 failing endpoints
 0 timing errors detected. (0 setup errors, 0 hold errors, 0 component switching limit errors)
 Minimum period is   6.925ns.
--------------------------------------------------------------------------------

Paths for end point Inst_Banco_de_memorias/Inst_Almacen_datos_RAM/Mram_RAM_eventos1 (RAMB8_X1Y17.DIADI12), 44 paths
--------------------------------------------------------------------------------
Slack (setup path):     3.075ns (requirement - (data path - clock path skew + uncertainty))
  Source:               Inst_Contadores_Y_Despliegue/Inst_Contador_Display_Leds_Errores/Inst_contador_binario_4bits_DECENAS/q_1 (FF)
  Destination:          Inst_Banco_de_memorias/Inst_Almacen_datos_RAM/Mram_RAM_eventos1 (RAM)
  Requirement:          10.000ns
  Data Path Delay:      6.777ns (Levels of Logic = 3)
  Clock Path Skew:      -0.113ns (0.601 - 0.714)
  Source Clock:         clk_BUFGP rising at 0.000ns
  Destination Clock:    clk_BUFGP rising at 10.000ns
  Clock Uncertainty:    0.035ns

  Clock Uncertainty:          0.035ns  ((TSJ^2 + TIJ^2)^1/2 + DJ) / 2 + PE
    Total System Jitter (TSJ):  0.070ns
    Total Input Jitter (TIJ):   0.000ns
    Discrete Jitter (DJ):       0.000ns
    Phase Error (PE):           0.000ns

  Maximum Data Path at Slow Process Corner: Inst_Contadores_Y_Despliegue/Inst_Contador_Display_Leds_Errores/Inst_contador_binario_4bits_DECENAS/q_1 to Inst_Banco_de_memorias/Inst_Almacen_datos_RAM/Mram_RAM_eventos1
    Location             Delay type         Delay(ns)  Physical Resource
                                                       Logical Resource(s)
    -------------------------------------------------  -------------------
    SLICE_X11Y50.BMUX    Tshcko                0.518   Inst_Contadores_Y_Despliegue/Inst_Contador_Display_Leds_Errores/Inst_contador_binario_4bits_DECENAS/q<2>
                                                       Inst_Contadores_Y_Despliegue/Inst_Contador_Display_Leds_Errores/Inst_contador_binario_4bits_DECENAS/q_1
    SLICE_X11Y50.C1      net (fanout=3)        1.438   Inst_Contadores_Y_Despliegue/Inst_Contador_Display_Leds_Errores/Inst_contador_binario_4bits_DECENAS/q<1>
    SLICE_X11Y50.C       Tilo                  0.259   Inst_Contadores_Y_Despliegue/Inst_Contador_Display_Leds_Errores/Inst_contador_binario_4bits_DECENAS/q<2>
                                                       Inst_Contadores_Y_Despliegue/Inst_Contador_Display_Leds_Errores/Mmux_ant_numero<1>11
    SLICE_X9Y48.B4       net (fanout=7)        1.129   Inst_Contadores_Y_Despliegue/Inst_Contador_Display_Leds_Errores/ant_numero<1>
    SLICE_X9Y48.B        Tilo                  0.259   num_Eventos<12>
                                                       Inst_Contadores_Y_Despliegue/Inst_Contador_Display_Leds_Errores/Mram_numero41
    SLICE_X9Y48.C4       net (fanout=2)        0.327   num_Errores<12>
    SLICE_X9Y48.C        Tilo                  0.259   num_Eventos<12>
                                                       mux3121
    RAMB8_X1Y17.DIADI12  net (fanout=1)        2.288   Inst_Banco_de_memorias/Data_IN_RAM<12>
    RAMB8_X1Y17.CLKAWRCLKTrdck_DIA             0.300   Inst_Banco_de_memorias/Inst_Almacen_datos_RAM/Mram_RAM_eventos1
                                                       Inst_Banco_de_memorias/Inst_Almacen_datos_RAM/Mram_RAM_eventos1
    -------------------------------------------------  ---------------------------
    Total                                      6.777ns (1.595ns logic, 5.182ns route)
                                                       (23.5% logic, 76.5% route)

--------------------------------------------------------------------------------
Slack (setup path):     3.378ns (requirement - (data path - clock path skew + uncertainty))
  Source:               Inst_Contadores_Y_Despliegue/Inst_Contador_Display_Leds_Eventos/Inst_contador_binario_4bits_UNIDADES/q_3 (FF)
  Destination:          Inst_Banco_de_memorias/Inst_Almacen_datos_RAM/Mram_RAM_eventos1 (RAM)
  Requirement:          10.000ns
  Data Path Delay:      6.535ns (Levels of Logic = 3)
  Clock Path Skew:      -0.052ns (0.601 - 0.653)
  Source Clock:         clk_BUFGP rising at 0.000ns
  Destination Clock:    clk_BUFGP rising at 10.000ns
  Clock Uncertainty:    0.035ns

  Clock Uncertainty:          0.035ns  ((TSJ^2 + TIJ^2)^1/2 + DJ) / 2 + PE
    Total System Jitter (TSJ):  0.070ns
    Total Input Jitter (TIJ):   0.000ns
    Discrete Jitter (DJ):       0.000ns
    Phase Error (PE):           0.000ns

  Maximum Data Path at Slow Process Corner: Inst_Contadores_Y_Despliegue/Inst_Contador_Display_Leds_Eventos/Inst_contador_binario_4bits_UNIDADES/q_3 to Inst_Banco_de_memorias/Inst_Almacen_datos_RAM/Mram_RAM_eventos1
    Location             Delay type         Delay(ns)  Physical Resource
                                                       Logical Resource(s)
    -------------------------------------------------  -------------------
    SLICE_X11Y46.CMUX    Tshcko                0.518   Inst_Contadores_Y_Despliegue/Inst_Contador_Display_Leds_Eventos/Inst_contador_binario_4bits_UNIDADES/q<2>
                                                       Inst_Contadores_Y_Despliegue/Inst_Contador_Display_Leds_Eventos/Inst_contador_binario_4bits_UNIDADES/q_3
    SLICE_X11Y46.D2      net (fanout=3)        1.662   Inst_Contadores_Y_Despliegue/Inst_Contador_Display_Leds_Eventos/Inst_contador_binario_4bits_UNIDADES/q<3>
    SLICE_X11Y46.D       Tilo                  0.259   Inst_Contadores_Y_Despliegue/Inst_Contador_Display_Leds_Eventos/Inst_contador_binario_4bits_UNIDADES/q<2>
                                                       Inst_Contadores_Y_Despliegue/Inst_Contador_Display_Leds_Eventos/Mmux_ant_numero<3>11
    SLICE_X9Y48.D3       net (fanout=14)       0.847   Inst_Contadores_Y_Despliegue/Inst_Contador_Display_Leds_Eventos/ant_numero<3>
    SLICE_X9Y48.D        Tilo                  0.259   num_Eventos<12>
                                                       Inst_Contadores_Y_Despliegue/Inst_Contador_Display_Leds_Eventos/Mram_numero41
    SLICE_X9Y48.C6       net (fanout=1)        0.143   num_Eventos<12>
    SLICE_X9Y48.C        Tilo                  0.259   num_Eventos<12>
                                                       mux3121
    RAMB8_X1Y17.DIADI12  net (fanout=1)        2.288   Inst_Banco_de_memorias/Data_IN_RAM<12>
    RAMB8_X1Y17.CLKAWRCLKTrdck_DIA             0.300   Inst_Banco_de_memorias/Inst_Almacen_datos_RAM/Mram_RAM_eventos1
                                                       Inst_Banco_de_memorias/Inst_Almacen_datos_RAM/Mram_RAM_eventos1
    -------------------------------------------------  ---------------------------
    Total                                      6.535ns (1.595ns logic, 4.940ns route)
                                                       (24.4% logic, 75.6% route)

--------------------------------------------------------------------------------
Slack (setup path):     3.443ns (requirement - (data path - clock path skew + uncertainty))
  Source:               Inst_Contadores_Y_Despliegue/Inst_Contador_Display_Leds_Eventos/Inst_contador_binario_4bits_DECENAS/q_1 (FF)
  Destination:          Inst_Banco_de_memorias/Inst_Almacen_datos_RAM/Mram_RAM_eventos1 (RAM)
  Requirement:          10.000ns
  Data Path Delay:      6.470ns (Levels of Logic = 3)
  Clock Path Skew:      -0.052ns (0.601 - 0.653)
  Source Clock:         clk_BUFGP rising at 0.000ns
  Destination Clock:    clk_BUFGP rising at 10.000ns
  Clock Uncertainty:    0.035ns

  Clock Uncertainty:          0.035ns  ((TSJ^2 + TIJ^2)^1/2 + DJ) / 2 + PE
    Total System Jitter (TSJ):  0.070ns
    Total Input Jitter (TIJ):   0.000ns
    Discrete Jitter (DJ):       0.000ns
    Phase Error (PE):           0.000ns

  Maximum Data Path at Slow Process Corner: Inst_Contadores_Y_Despliegue/Inst_Contador_Display_Leds_Eventos/Inst_contador_binario_4bits_DECENAS/q_1 to Inst_Banco_de_memorias/Inst_Almacen_datos_RAM/Mram_RAM_eventos1
    Location             Delay type         Delay(ns)  Physical Resource
                                                       Logical Resource(s)
    -------------------------------------------------  -------------------
    SLICE_X8Y46.BMUX     Tshcko                0.576   Inst_Contadores_Y_Despliegue/Inst_Contador_Display_Leds_Eventos/Inst_contador_binario_4bits_DECENAS/q<2>
                                                       Inst_Contadores_Y_Despliegue/Inst_Contador_Display_Leds_Eventos/Inst_contador_binario_4bits_DECENAS/q_1
    SLICE_X8Y46.C1       net (fanout=3)        1.263   Inst_Contadores_Y_Despliegue/Inst_Contador_Display_Leds_Eventos/Inst_contador_binario_4bits_DECENAS/q<1>
    SLICE_X8Y46.C        Tilo                  0.255   Inst_Contadores_Y_Despliegue/Inst_Contador_Display_Leds_Eventos/Inst_contador_binario_4bits_DECENAS/q<2>
                                                       Inst_Contadores_Y_Despliegue/Inst_Contador_Display_Leds_Eventos/Mmux_ant_numero<1>11
    SLICE_X9Y48.D2       net (fanout=14)       1.127   Inst_Contadores_Y_Despliegue/Inst_Contador_Display_Leds_Eventos/ant_numero<1>
    SLICE_X9Y48.D        Tilo                  0.259   num_Eventos<12>
                                                       Inst_Contadores_Y_Despliegue/Inst_Contador_Display_Leds_Eventos/Mram_numero41
    SLICE_X9Y48.C6       net (fanout=1)        0.143   num_Eventos<12>
    SLICE_X9Y48.C        Tilo                  0.259   num_Eventos<12>
                                                       mux3121
    RAMB8_X1Y17.DIADI12  net (fanout=1)        2.288   Inst_Banco_de_memorias/Data_IN_RAM<12>
    RAMB8_X1Y17.CLKAWRCLKTrdck_DIA             0.300   Inst_Banco_de_memorias/Inst_Almacen_datos_RAM/Mram_RAM_eventos1
                                                       Inst_Banco_de_memorias/Inst_Almacen_datos_RAM/Mram_RAM_eventos1
    -------------------------------------------------  ---------------------------
    Total                                      6.470ns (1.649ns logic, 4.821ns route)
                                                       (25.5% logic, 74.5% route)

--------------------------------------------------------------------------------

Paths for end point Inst_Banco_de_memorias/Inst_Almacen_datos_RAM/Mram_RAM_eventos1 (RAMB8_X1Y17.DIADI13), 44 paths
--------------------------------------------------------------------------------
Slack (setup path):     3.245ns (requirement - (data path - clock path skew + uncertainty))
  Source:               Inst_Contadores_Y_Despliegue/Inst_Contador_Display_Leds_Errores/Inst_contador_binario_4bits_DECENAS/q_1 (FF)
  Destination:          Inst_Banco_de_memorias/Inst_Almacen_datos_RAM/Mram_RAM_eventos1 (RAM)
  Requirement:          10.000ns
  Data Path Delay:      6.607ns (Levels of Logic = 3)
  Clock Path Skew:      -0.113ns (0.601 - 0.714)
  Source Clock:         clk_BUFGP rising at 0.000ns
  Destination Clock:    clk_BUFGP rising at 10.000ns
  Clock Uncertainty:    0.035ns

  Clock Uncertainty:          0.035ns  ((TSJ^2 + TIJ^2)^1/2 + DJ) / 2 + PE
    Total System Jitter (TSJ):  0.070ns
    Total Input Jitter (TIJ):   0.000ns
    Discrete Jitter (DJ):       0.000ns
    Phase Error (PE):           0.000ns

  Maximum Data Path at Slow Process Corner: Inst_Contadores_Y_Despliegue/Inst_Contador_Display_Leds_Errores/Inst_contador_binario_4bits_DECENAS/q_1 to Inst_Banco_de_memorias/Inst_Almacen_datos_RAM/Mram_RAM_eventos1
    Location             Delay type         Delay(ns)  Physical Resource
                                                       Logical Resource(s)
    -------------------------------------------------  -------------------
    SLICE_X11Y50.BMUX    Tshcko                0.518   Inst_Contadores_Y_Despliegue/Inst_Contador_Display_Leds_Errores/Inst_contador_binario_4bits_DECENAS/q<2>
                                                       Inst_Contadores_Y_Despliegue/Inst_Contador_Display_Leds_Errores/Inst_contador_binario_4bits_DECENAS/q_1
    SLICE_X11Y50.C1      net (fanout=3)        1.438   Inst_Contadores_Y_Despliegue/Inst_Contador_Display_Leds_Errores/Inst_contador_binario_4bits_DECENAS/q<1>
    SLICE_X11Y50.C       Tilo                  0.259   Inst_Contadores_Y_Despliegue/Inst_Contador_Display_Leds_Errores/Inst_contador_binario_4bits_DECENAS/q<2>
                                                       Inst_Contadores_Y_Despliegue/Inst_Contador_Display_Leds_Errores/Mmux_ant_numero<1>11
    SLICE_X7Y48.B1       net (fanout=7)        1.261   Inst_Contadores_Y_Despliegue/Inst_Contador_Display_Leds_Errores/ant_numero<1>
    SLICE_X7Y48.B        Tilo                  0.259   num_Eventos<13>
                                                       Inst_Contadores_Y_Despliegue/Inst_Contador_Display_Leds_Errores/Mram_numero51
    SLICE_X7Y48.C4       net (fanout=2)        0.327   num_Errores<13>
    SLICE_X7Y48.C        Tilo                  0.259   num_Eventos<13>
                                                       mux411
    RAMB8_X1Y17.DIADI13  net (fanout=1)        1.986   Inst_Banco_de_memorias/Data_IN_RAM<13>
    RAMB8_X1Y17.CLKAWRCLKTrdck_DIA             0.300   Inst_Banco_de_memorias/Inst_Almacen_datos_RAM/Mram_RAM_eventos1
                                                       Inst_Banco_de_memorias/Inst_Almacen_datos_RAM/Mram_RAM_eventos1
    -------------------------------------------------  ---------------------------
    Total                                      6.607ns (1.595ns logic, 5.012ns route)
                                                       (24.1% logic, 75.9% route)

--------------------------------------------------------------------------------
Slack (setup path):     3.565ns (requirement - (data path - clock path skew + uncertainty))
  Source:               Inst_Contadores_Y_Despliegue/Inst_Contador_Display_Leds_Eventos/Inst_contador_binario_4bits_UNIDADES/q_3 (FF)
  Destination:          Inst_Banco_de_memorias/Inst_Almacen_datos_RAM/Mram_RAM_eventos1 (RAM)
  Requirement:          10.000ns
  Data Path Delay:      6.348ns (Levels of Logic = 3)
  Clock Path Skew:      -0.052ns (0.601 - 0.653)
  Source Clock:         clk_BUFGP rising at 0.000ns
  Destination Clock:    clk_BUFGP rising at 10.000ns
  Clock Uncertainty:    0.035ns

  Clock Uncertainty:          0.035ns  ((TSJ^2 + TIJ^2)^1/2 + DJ) / 2 + PE
    Total System Jitter (TSJ):  0.070ns
    Total Input Jitter (TIJ):   0.000ns
    Discrete Jitter (DJ):       0.000ns
    Phase Error (PE):           0.000ns

  Maximum Data Path at Slow Process Corner: Inst_Contadores_Y_Despliegue/Inst_Contador_Display_Leds_Eventos/Inst_contador_binario_4bits_UNIDADES/q_3 to Inst_Banco_de_memorias/Inst_Almacen_datos_RAM/Mram_RAM_eventos1
    Location             Delay type         Delay(ns)  Physical Resource
                                                       Logical Resource(s)
    -------------------------------------------------  -------------------
    SLICE_X11Y46.CMUX    Tshcko                0.518   Inst_Contadores_Y_Despliegue/Inst_Contador_Display_Leds_Eventos/Inst_contador_binario_4bits_UNIDADES/q<2>
                                                       Inst_Contadores_Y_Despliegue/Inst_Contador_Display_Leds_Eventos/Inst_contador_binario_4bits_UNIDADES/q_3
    SLICE_X11Y46.D2      net (fanout=3)        1.662   Inst_Contadores_Y_Despliegue/Inst_Contador_Display_Leds_Eventos/Inst_contador_binario_4bits_UNIDADES/q<3>
    SLICE_X11Y46.D       Tilo                  0.259   Inst_Contadores_Y_Despliegue/Inst_Contador_Display_Leds_Eventos/Inst_contador_binario_4bits_UNIDADES/q<2>
                                                       Inst_Contadores_Y_Despliegue/Inst_Contador_Display_Leds_Eventos/Mmux_ant_numero<3>11
    SLICE_X7Y48.D3       net (fanout=14)       0.962   Inst_Contadores_Y_Despliegue/Inst_Contador_Display_Leds_Eventos/ant_numero<3>
    SLICE_X7Y48.D        Tilo                  0.259   num_Eventos<13>
                                                       Inst_Contadores_Y_Despliegue/Inst_Contador_Display_Leds_Eventos/Mram_numero51
    SLICE_X7Y48.C6       net (fanout=1)        0.143   num_Eventos<13>
    SLICE_X7Y48.C        Tilo                  0.259   num_Eventos<13>
                                                       mux411
    RAMB8_X1Y17.DIADI13  net (fanout=1)        1.986   Inst_Banco_de_memorias/Data_IN_RAM<13>
    RAMB8_X1Y17.CLKAWRCLKTrdck_DIA             0.300   Inst_Banco_de_memorias/Inst_Almacen_datos_RAM/Mram_RAM_eventos1
                                                       Inst_Banco_de_memorias/Inst_Almacen_datos_RAM/Mram_RAM_eventos1
    -------------------------------------------------  ---------------------------
    Total                                      6.348ns (1.595ns logic, 4.753ns route)
                                                       (25.1% logic, 74.9% route)

--------------------------------------------------------------------------------
Slack (setup path):     3.725ns (requirement - (data path - clock path skew + uncertainty))
  Source:               Inst_Contadores_Y_Despliegue/Inst_Contador_Display_Leds_Errores/Inst_contador_binario_4bits_UNIDADES/q_0 (FF)
  Destination:          Inst_Banco_de_memorias/Inst_Almacen_datos_RAM/Mram_RAM_eventos1 (RAM)
  Requirement:          10.000ns
  Data Path Delay:      6.126ns (Levels of Logic = 3)
  Clock Path Skew:      -0.114ns (0.601 - 0.715)
  Source Clock:         clk_BUFGP rising at 0.000ns
  Destination Clock:    clk_BUFGP rising at 10.000ns
  Clock Uncertainty:    0.035ns

  Clock Uncertainty:          0.035ns  ((TSJ^2 + TIJ^2)^1/2 + DJ) / 2 + PE
    Total System Jitter (TSJ):  0.070ns
    Total Input Jitter (TIJ):   0.000ns
    Discrete Jitter (DJ):       0.000ns
    Phase Error (PE):           0.000ns

  Maximum Data Path at Slow Process Corner: Inst_Contadores_Y_Despliegue/Inst_Contador_Display_Leds_Errores/Inst_contador_binario_4bits_UNIDADES/q_0 to Inst_Banco_de_memorias/Inst_Almacen_datos_RAM/Mram_RAM_eventos1
    Location             Delay type         Delay(ns)  Physical Resource
                                                       Logical Resource(s)
    -------------------------------------------------  -------------------
    SLICE_X10Y49.AQ      Tcko                  0.476   Inst_Contadores_Y_Despliegue/Inst_Contador_Display_Leds_Errores/Inst_contador_binario_4bits_UNIDADES/q<2>
                                                       Inst_Contadores_Y_Despliegue/Inst_Contador_Display_Leds_Errores/Inst_contador_binario_4bits_UNIDADES/q_0
    SLICE_X11Y49.D6      net (fanout=4)        1.342   Inst_Contadores_Y_Despliegue/Inst_Contador_Display_Leds_Errores/Inst_contador_binario_4bits_UNIDADES/q<0>
    SLICE_X11Y49.D       Tilo                  0.259   Inst_Contadores_Y_Despliegue/Inst_Contador_Display_Leds_Eventos/Inst_cont_5ms_max4/Inst_contador_binario/q<0>
                                                       Inst_Contadores_Y_Despliegue/Inst_Contador_Display_Leds_Errores/Mmux_ant_numero<0>11
    SLICE_X7Y48.B3       net (fanout=7)        0.918   Inst_Contadores_Y_Despliegue/Inst_Contador_Display_Leds_Errores/ant_numero<0>
    SLICE_X7Y48.B        Tilo                  0.259   num_Eventos<13>
                                                       Inst_Contadores_Y_Despliegue/Inst_Contador_Display_Leds_Errores/Mram_numero51
    SLICE_X7Y48.C4       net (fanout=2)        0.327   num_Errores<13>
    SLICE_X7Y48.C        Tilo                  0.259   num_Eventos<13>
                                                       mux411
    RAMB8_X1Y17.DIADI13  net (fanout=1)        1.986   Inst_Banco_de_memorias/Data_IN_RAM<13>
    RAMB8_X1Y17.CLKAWRCLKTrdck_DIA             0.300   Inst_Banco_de_memorias/Inst_Almacen_datos_RAM/Mram_RAM_eventos1
                                                       Inst_Banco_de_memorias/Inst_Almacen_datos_RAM/Mram_RAM_eventos1
    -------------------------------------------------  ---------------------------
    Total                                      6.126ns (1.553ns logic, 4.573ns route)
                                                       (25.4% logic, 74.6% route)

--------------------------------------------------------------------------------

Paths for end point Inst_Banco_de_memorias/Inst_Almacen_datos_RAM/Mram_RAM_eventos1 (RAMB8_X1Y17.DIADI9), 44 paths
--------------------------------------------------------------------------------
Slack (setup path):     3.421ns (requirement - (data path - clock path skew + uncertainty))
  Source:               Inst_Contadores_Y_Despliegue/Inst_Contador_Display_Leds_Errores/Inst_contador_binario_4bits_DECENAS/q_1 (FF)
  Destination:          Inst_Banco_de_memorias/Inst_Almacen_datos_RAM/Mram_RAM_eventos1 (RAM)
  Requirement:          10.000ns
  Data Path Delay:      6.431ns (Levels of Logic = 3)
  Clock Path Skew:      -0.113ns (0.601 - 0.714)
  Source Clock:         clk_BUFGP rising at 0.000ns
  Destination Clock:    clk_BUFGP rising at 10.000ns
  Clock Uncertainty:    0.035ns

  Clock Uncertainty:          0.035ns  ((TSJ^2 + TIJ^2)^1/2 + DJ) / 2 + PE
    Total System Jitter (TSJ):  0.070ns
    Total Input Jitter (TIJ):   0.000ns
    Discrete Jitter (DJ):       0.000ns
    Phase Error (PE):           0.000ns

  Maximum Data Path at Slow Process Corner: Inst_Contadores_Y_Despliegue/Inst_Contador_Display_Leds_Errores/Inst_contador_binario_4bits_DECENAS/q_1 to Inst_Banco_de_memorias/Inst_Almacen_datos_RAM/Mram_RAM_eventos1
    Location             Delay type         Delay(ns)  Physical Resource
                                                       Logical Resource(s)
    -------------------------------------------------  -------------------
    SLICE_X11Y50.BMUX    Tshcko                0.518   Inst_Contadores_Y_Despliegue/Inst_Contador_Display_Leds_Errores/Inst_contador_binario_4bits_DECENAS/q<2>
                                                       Inst_Contadores_Y_Despliegue/Inst_Contador_Display_Leds_Errores/Inst_contador_binario_4bits_DECENAS/q_1
    SLICE_X11Y50.C1      net (fanout=3)        1.438   Inst_Contadores_Y_Despliegue/Inst_Contador_Display_Leds_Errores/Inst_contador_binario_4bits_DECENAS/q<1>
    SLICE_X11Y50.C       Tilo                  0.259   Inst_Contadores_Y_Despliegue/Inst_Contador_Display_Leds_Errores/Inst_contador_binario_4bits_DECENAS/q<2>
                                                       Inst_Contadores_Y_Despliegue/Inst_Contador_Display_Leds_Errores/Mmux_ant_numero<1>11
    SLICE_X10Y48.C5      net (fanout=7)        0.468   Inst_Contadores_Y_Despliegue/Inst_Contador_Display_Leds_Errores/ant_numero<1>
    SLICE_X10Y48.C       Tilo                  0.235   Inst_Contadores_Y_Despliegue/Inst_Contador_Display_Leds_Errores/Inst_MAC_cout/Q_bus_FSM_FFd2
                                                       Inst_Contadores_Y_Despliegue/Inst_Contador_Display_Leds_Errores/Mram_numero111
    SLICE_X9Y45.C2       net (fanout=2)        1.104   num_Errores<9>
    SLICE_X9Y45.C        Tilo                  0.259   num_Eventos<9>
                                                       mux3811
    RAMB8_X1Y17.DIADI9   net (fanout=1)        1.850   Inst_Banco_de_memorias/Data_IN_RAM<9>
    RAMB8_X1Y17.CLKAWRCLKTrdck_DIA             0.300   Inst_Banco_de_memorias/Inst_Almacen_datos_RAM/Mram_RAM_eventos1
                                                       Inst_Banco_de_memorias/Inst_Almacen_datos_RAM/Mram_RAM_eventos1
    -------------------------------------------------  ---------------------------
    Total                                      6.431ns (1.571ns logic, 4.860ns route)
                                                       (24.4% logic, 75.6% route)

--------------------------------------------------------------------------------
Slack (setup path):     3.444ns (requirement - (data path - clock path skew + uncertainty))
  Source:               Inst_Contadores_Y_Despliegue/Inst_Contador_Display_Leds_Eventos/Inst_contador_binario_4bits_UNIDADES/q_3 (FF)
  Destination:          Inst_Banco_de_memorias/Inst_Almacen_datos_RAM/Mram_RAM_eventos1 (RAM)
  Requirement:          10.000ns
  Data Path Delay:      6.469ns (Levels of Logic = 3)
  Clock Path Skew:      -0.052ns (0.601 - 0.653)
  Source Clock:         clk_BUFGP rising at 0.000ns
  Destination Clock:    clk_BUFGP rising at 10.000ns
  Clock Uncertainty:    0.035ns

  Clock Uncertainty:          0.035ns  ((TSJ^2 + TIJ^2)^1/2 + DJ) / 2 + PE
    Total System Jitter (TSJ):  0.070ns
    Total Input Jitter (TIJ):   0.000ns
    Discrete Jitter (DJ):       0.000ns
    Phase Error (PE):           0.000ns

  Maximum Data Path at Slow Process Corner: Inst_Contadores_Y_Despliegue/Inst_Contador_Display_Leds_Eventos/Inst_contador_binario_4bits_UNIDADES/q_3 to Inst_Banco_de_memorias/Inst_Almacen_datos_RAM/Mram_RAM_eventos1
    Location             Delay type         Delay(ns)  Physical Resource
                                                       Logical Resource(s)
    -------------------------------------------------  -------------------
    SLICE_X11Y46.CMUX    Tshcko                0.518   Inst_Contadores_Y_Despliegue/Inst_Contador_Display_Leds_Eventos/Inst_contador_binario_4bits_UNIDADES/q<2>
                                                       Inst_Contadores_Y_Despliegue/Inst_Contador_Display_Leds_Eventos/Inst_contador_binario_4bits_UNIDADES/q_3
    SLICE_X11Y46.D2      net (fanout=3)        1.662   Inst_Contadores_Y_Despliegue/Inst_Contador_Display_Leds_Eventos/Inst_contador_binario_4bits_UNIDADES/q<3>
    SLICE_X11Y46.D       Tilo                  0.259   Inst_Contadores_Y_Despliegue/Inst_Contador_Display_Leds_Eventos/Inst_contador_binario_4bits_UNIDADES/q<2>
                                                       Inst_Contadores_Y_Despliegue/Inst_Contador_Display_Leds_Eventos/Mmux_ant_numero<3>11
    SLICE_X9Y45.D1       net (fanout=14)       0.956   Inst_Contadores_Y_Despliegue/Inst_Contador_Display_Leds_Eventos/ant_numero<3>
    SLICE_X9Y45.D        Tilo                  0.259   num_Eventos<9>
                                                       Inst_Contadores_Y_Despliegue/Inst_Contador_Display_Leds_Eventos/Mram_numero111
    SLICE_X9Y45.C5       net (fanout=1)        0.406   num_Eventos<9>
    SLICE_X9Y45.C        Tilo                  0.259   num_Eventos<9>
                                                       mux3811
    RAMB8_X1Y17.DIADI9   net (fanout=1)        1.850   Inst_Banco_de_memorias/Data_IN_RAM<9>
    RAMB8_X1Y17.CLKAWRCLKTrdck_DIA             0.300   Inst_Banco_de_memorias/Inst_Almacen_datos_RAM/Mram_RAM_eventos1
                                                       Inst_Banco_de_memorias/Inst_Almacen_datos_RAM/Mram_RAM_eventos1
    -------------------------------------------------  ---------------------------
    Total                                      6.469ns (1.595ns logic, 4.874ns route)
                                                       (24.7% logic, 75.3% route)

--------------------------------------------------------------------------------
Slack (setup path):     3.521ns (requirement - (data path - clock path skew + uncertainty))
  Source:               Inst_Contadores_Y_Despliegue/Inst_Contador_Display_Leds_Errores/Inst_contador_binario_4bits_DECENAS/q_3 (FF)
  Destination:          Inst_Banco_de_memorias/Inst_Almacen_datos_RAM/Mram_RAM_eventos1 (RAM)
  Requirement:          10.000ns
  Data Path Delay:      6.330ns (Levels of Logic = 3)
  Clock Path Skew:      -0.114ns (0.601 - 0.715)
  Source Clock:         clk_BUFGP rising at 0.000ns
  Destination Clock:    clk_BUFGP rising at 10.000ns
  Clock Uncertainty:    0.035ns

  Clock Uncertainty:          0.035ns  ((TSJ^2 + TIJ^2)^1/2 + DJ) / 2 + PE
    Total System Jitter (TSJ):  0.070ns
    Total Input Jitter (TIJ):   0.000ns
    Discrete Jitter (DJ):       0.000ns
    Phase Error (PE):           0.000ns

  Maximum Data Path at Slow Process Corner: Inst_Contadores_Y_Despliegue/Inst_Contador_Display_Leds_Errores/Inst_contador_binario_4bits_DECENAS/q_3 to Inst_Banco_de_memorias/Inst_Almacen_datos_RAM/Mram_RAM_eventos1
    Location             Delay type         Delay(ns)  Physical Resource
                                                       Logical Resource(s)
    -------------------------------------------------  -------------------
    SLICE_X9Y50.AMUX     Tshcko                0.518   Inst_Contadores_Y_Despliegue/Inst_Contador_Display_Leds_Errores/Inst_MAC_cout/Q_bus_FSM_FFd2-In1_bdd1
                                                       Inst_Contadores_Y_Despliegue/Inst_Contador_Display_Leds_Errores/Inst_contador_binario_4bits_DECENAS/q_3
    SLICE_X10Y49.D2      net (fanout=2)        0.792   Inst_Contadores_Y_Despliegue/Inst_Contador_Display_Leds_Errores/Inst_contador_binario_4bits_DECENAS/q<3>
    SLICE_X10Y49.D       Tilo                  0.235   Inst_Contadores_Y_Despliegue/Inst_Contador_Display_Leds_Errores/Inst_contador_binario_4bits_UNIDADES/q<2>
                                                       Inst_Contadores_Y_Despliegue/Inst_Contador_Display_Leds_Errores/Mmux_ant_numero<3>11
    SLICE_X10Y48.C2      net (fanout=7)        1.037   Inst_Contadores_Y_Despliegue/Inst_Contador_Display_Leds_Errores/ant_numero<3>
    SLICE_X10Y48.C       Tilo                  0.235   Inst_Contadores_Y_Despliegue/Inst_Contador_Display_Leds_Errores/Inst_MAC_cout/Q_bus_FSM_FFd2
                                                       Inst_Contadores_Y_Despliegue/Inst_Contador_Display_Leds_Errores/Mram_numero111
    SLICE_X9Y45.C2       net (fanout=2)        1.104   num_Errores<9>
    SLICE_X9Y45.C        Tilo                  0.259   num_Eventos<9>
                                                       mux3811
    RAMB8_X1Y17.DIADI9   net (fanout=1)        1.850   Inst_Banco_de_memorias/Data_IN_RAM<9>
    RAMB8_X1Y17.CLKAWRCLKTrdck_DIA             0.300   Inst_Banco_de_memorias/Inst_Almacen_datos_RAM/Mram_RAM_eventos1
                                                       Inst_Banco_de_memorias/Inst_Almacen_datos_RAM/Mram_RAM_eventos1
    -------------------------------------------------  ---------------------------
    Total                                      6.330ns (1.547ns logic, 4.783ns route)
                                                       (24.4% logic, 75.6% route)

--------------------------------------------------------------------------------

Hold Paths: NET "clk_BUFGP/IBUFG" PERIOD = 10 ns HIGH 50%;
--------------------------------------------------------------------------------

Paths for end point Inst_Contadores_Y_Despliegue/Inst_Contador_Display_Leds_Errores/Inst_contador_binario_4bits_CENTENAS/q_3 (SLICE_X10Y51.C5), 1 path
--------------------------------------------------------------------------------
Slack (hold path):      0.388ns (requirement - (clock path skew + uncertainty - data path))
  Source:               Inst_Contadores_Y_Despliegue/Inst_Contador_Display_Leds_Errores/Inst_contador_binario_4bits_CENTENAS/q_2 (FF)
  Destination:          Inst_Contadores_Y_Despliegue/Inst_Contador_Display_Leds_Errores/Inst_contador_binario_4bits_CENTENAS/q_3 (FF)
  Requirement:          0.000ns
  Data Path Delay:      0.388ns (Levels of Logic = 1)
  Clock Path Skew:      0.000ns
  Source Clock:         clk_BUFGP rising at 10.000ns
  Destination Clock:    clk_BUFGP rising at 10.000ns
  Clock Uncertainty:    0.000ns

  Minimum Data Path at Fast Process Corner: Inst_Contadores_Y_Despliegue/Inst_Contador_Display_Leds_Errores/Inst_contador_binario_4bits_CENTENAS/q_2 to Inst_Contadores_Y_Despliegue/Inst_Contador_Display_Leds_Errores/Inst_contador_binario_4bits_CENTENAS/q_3
    Location             Delay type         Delay(ns)  Physical Resource
                                                       Logical Resource(s)
    -------------------------------------------------  -------------------
    SLICE_X10Y51.CQ      Tcko                  0.200   Inst_Contadores_Y_Despliegue/Inst_Contador_Display_Leds_Errores/Inst_contador_binario_4bits_CENTENAS/q<2>
                                                       Inst_Contadores_Y_Despliegue/Inst_Contador_Display_Leds_Errores/Inst_contador_binario_4bits_CENTENAS/q_2
    SLICE_X10Y51.C5      net (fanout=3)        0.067   Inst_Contadores_Y_Despliegue/Inst_Contador_Display_Leds_Errores/Inst_contador_binario_4bits_CENTENAS/q<2>
    SLICE_X10Y51.CLK     Tah         (-Th)    -0.121   Inst_Contadores_Y_Despliegue/Inst_Contador_Display_Leds_Errores/Inst_contador_binario_4bits_CENTENAS/q<2>
                                                       Inst_Contadores_Y_Despliegue/Inst_Contador_Display_Leds_Errores/Result<3>21
                                                       Inst_Contadores_Y_Despliegue/Inst_Contador_Display_Leds_Errores/Inst_contador_binario_4bits_CENTENAS/q_3
    -------------------------------------------------  ---------------------------
    Total                                      0.388ns (0.321ns logic, 0.067ns route)
                                                       (82.7% logic, 17.3% route)

--------------------------------------------------------------------------------

Paths for end point Inst_Contadores_Y_Despliegue/Inst_Contador_Display_Leds_Errores/Inst_contador_binario_4bits_UNIDADES/q_3 (SLICE_X10Y49.C5), 1 path
--------------------------------------------------------------------------------
Slack (hold path):      0.395ns (requirement - (clock path skew + uncertainty - data path))
  Source:               Inst_Contadores_Y_Despliegue/Inst_Contador_Display_Leds_Errores/Inst_contador_binario_4bits_UNIDADES/q_2 (FF)
  Destination:          Inst_Contadores_Y_Despliegue/Inst_Contador_Display_Leds_Errores/Inst_contador_binario_4bits_UNIDADES/q_3 (FF)
  Requirement:          0.000ns
  Data Path Delay:      0.395ns (Levels of Logic = 1)
  Clock Path Skew:      0.000ns
  Source Clock:         clk_BUFGP rising at 10.000ns
  Destination Clock:    clk_BUFGP rising at 10.000ns
  Clock Uncertainty:    0.000ns

  Minimum Data Path at Fast Process Corner: Inst_Contadores_Y_Despliegue/Inst_Contador_Display_Leds_Errores/Inst_contador_binario_4bits_UNIDADES/q_2 to Inst_Contadores_Y_Despliegue/Inst_Contador_Display_Leds_Errores/Inst_contador_binario_4bits_UNIDADES/q_3
    Location             Delay type         Delay(ns)  Physical Resource
                                                       Logical Resource(s)
    -------------------------------------------------  -------------------
    SLICE_X10Y49.CQ      Tcko                  0.200   Inst_Contadores_Y_Despliegue/Inst_Contador_Display_Leds_Errores/Inst_contador_binario_4bits_UNIDADES/q<2>
                                                       Inst_Contadores_Y_Despliegue/Inst_Contador_Display_Leds_Errores/Inst_contador_binario_4bits_UNIDADES/q_2
    SLICE_X10Y49.C5      net (fanout=3)        0.074   Inst_Contadores_Y_Despliegue/Inst_Contador_Display_Leds_Errores/Inst_contador_binario_4bits_UNIDADES/q<2>
    SLICE_X10Y49.CLK     Tah         (-Th)    -0.121   Inst_Contadores_Y_Despliegue/Inst_Contador_Display_Leds_Errores/Inst_contador_binario_4bits_UNIDADES/q<2>
                                                       Inst_Contadores_Y_Despliegue/Inst_Contador_Display_Leds_Errores/Result<3>11
                                                       Inst_Contadores_Y_Despliegue/Inst_Contador_Display_Leds_Errores/Inst_contador_binario_4bits_UNIDADES/q_3
    -------------------------------------------------  ---------------------------
    Total                                      0.395ns (0.321ns logic, 0.074ns route)
                                                       (81.3% logic, 18.7% route)

--------------------------------------------------------------------------------

Paths for end point Inst_Contadores_Y_Despliegue/Inst_Contador_Display_Leds_Eventos/Inst_contador_binario_4bits_CENTENAS/q_3 (SLICE_X10Y45.C5), 1 path
--------------------------------------------------------------------------------
Slack (hold path):      0.396ns (requirement - (clock path skew + uncertainty - data path))
  Source:               Inst_Contadores_Y_Despliegue/Inst_Contador_Display_Leds_Eventos/Inst_contador_binario_4bits_CENTENAS/q_2 (FF)
  Destination:          Inst_Contadores_Y_Despliegue/Inst_Contador_Display_Leds_Eventos/Inst_contador_binario_4bits_CENTENAS/q_3 (FF)
  Requirement:          0.000ns
  Data Path Delay:      0.396ns (Levels of Logic = 1)
  Clock Path Skew:      0.000ns
  Source Clock:         clk_BUFGP rising at 10.000ns
  Destination Clock:    clk_BUFGP rising at 10.000ns
  Clock Uncertainty:    0.000ns

  Minimum Data Path at Fast Process Corner: Inst_Contadores_Y_Despliegue/Inst_Contador_Display_Leds_Eventos/Inst_contador_binario_4bits_CENTENAS/q_2 to Inst_Contadores_Y_Despliegue/Inst_Contador_Display_Leds_Eventos/Inst_contador_binario_4bits_CENTENAS/q_3
    Location             Delay type         Delay(ns)  Physical Resource
                                                       Logical Resource(s)
    -------------------------------------------------  -------------------
    SLICE_X10Y45.CQ      Tcko                  0.200   Inst_Contadores_Y_Despliegue/Inst_Contador_Display_Leds_Eventos/Inst_contador_binario_4bits_CENTENAS/q<2>
                                                       Inst_Contadores_Y_Despliegue/Inst_Contador_Display_Leds_Eventos/Inst_contador_binario_4bits_CENTENAS/q_2
    SLICE_X10Y45.C5      net (fanout=3)        0.075   Inst_Contadores_Y_Despliegue/Inst_Contador_Display_Leds_Eventos/Inst_contador_binario_4bits_CENTENAS/q<2>
    SLICE_X10Y45.CLK     Tah         (-Th)    -0.121   Inst_Contadores_Y_Despliegue/Inst_Contador_Display_Leds_Eventos/Inst_contador_binario_4bits_CENTENAS/q<2>
                                                       Inst_Contadores_Y_Despliegue/Inst_Contador_Display_Leds_Eventos/Result<3>21
                                                       Inst_Contadores_Y_Despliegue/Inst_Contador_Display_Leds_Eventos/Inst_contador_binario_4bits_CENTENAS/q_3
    -------------------------------------------------  ---------------------------
    Total                                      0.396ns (0.321ns logic, 0.075ns route)
                                                       (81.1% logic, 18.9% route)

--------------------------------------------------------------------------------

Component Switching Limit Checks: NET "clk_BUFGP/IBUFG" PERIOD = 10 ns HIGH 50%;
--------------------------------------------------------------------------------
Slack: 6.430ns (period - min period limit)
  Period: 10.000ns
  Min period limit: 3.570ns (280.112MHz) (Trper_CLKA(Fmax))
  Physical resource: Inst_Banco_de_memorias/Inst_Almacen_datos_RAM/Mram_RAM_eventos1/CLKAWRCLK
  Logical resource: Inst_Banco_de_memorias/Inst_Almacen_datos_RAM/Mram_RAM_eventos1/CLKAWRCLK
  Location pin: RAMB8_X1Y17.CLKAWRCLK
  Clock network: clk_BUFGP
--------------------------------------------------------------------------------
Slack: 6.430ns (period - min period limit)
  Period: 10.000ns
  Min period limit: 3.570ns (280.112MHz) (Trper_CLKB(Fmax))
  Physical resource: Inst_Banco_de_memorias/Inst_Almacen_datos_RAM/Mram_RAM_eventos1/CLKBRDCLK
  Logical resource: Inst_Banco_de_memorias/Inst_Almacen_datos_RAM/Mram_RAM_eventos1/CLKBRDCLK
  Location pin: RAMB8_X1Y17.CLKBRDCLK
  Clock network: clk_BUFGP
--------------------------------------------------------------------------------
Slack: 6.430ns (period - min period limit)
  Period: 10.000ns
  Min period limit: 3.570ns (280.112MHz) (Trper_CLKA(Fmax))
  Physical resource: Inst_Banco_de_memorias/Inst_Almacen_datos_RAM/Mram_RAM_eventos2/CLKAWRCLK
  Logical resource: Inst_Banco_de_memorias/Inst_Almacen_datos_RAM/Mram_RAM_eventos2/CLKAWRCLK
  Location pin: RAMB8_X1Y16.CLKAWRCLK
  Clock network: clk_BUFGP
--------------------------------------------------------------------------------


All constraints were met.


Data Sheet report:
-----------------
All values displayed in nanoseconds (ns)

Clock to Setup on destination clock clk
---------------+---------+---------+---------+---------+
               | Src:Rise| Src:Fall| Src:Rise| Src:Fall|
Source Clock   |Dest:Rise|Dest:Rise|Dest:Fall|Dest:Fall|
---------------+---------+---------+---------+---------+
clk            |    6.925|         |         |         |
---------------+---------+---------+---------+---------+


Timing summary:
---------------

Timing errors: 0  Score: 0  (Setup/Max: 0, Hold: 0)

Constraints cover 13959 paths, 0 nets, and 1672 connections

Design statistics:
   Minimum period:   6.925ns{1}   (Maximum frequency: 144.404MHz)


------------------------------------Footnotes-----------------------------------
1)  The minimum period statistic assumes all single cycle delays.

Analysis completed Thu Jan 18 03:00:12 2018 
--------------------------------------------------------------------------------

Trace Settings:
-------------------------
Trace Settings 

Peak Memory Usage: 235 MB



